// Jest Snapshot v1, https://goo.gl/fbAQLP

exports[`matches with snapshot 1`] = `
<DocumentFragment>
  <div
    class="LoadingSpinner"
  >
    Loading...
  </div>
</DocumentFragment>
`;
